AR shiftregister behavioral C:/Users/user/Desktop/Project_LCD/shiftregister.vhd sub00/vhpl21 1528806930
AR clkdevider behavioral C:/Users/HW_Prac/Project_LCD/clkdevider.vhd sub00/vhpl01 1528363667
EN lcd_divider NULL C:/Users/user/Desktop/Project_LCD/lcd_divider.vhd sub00/vhpl24 1528898869
AR top_module behavioral C:/Users/user/Desktop/Project_LCD/Top_module.vhd sub00/vhpl05 1528898890
AR fisrtdvd behavioral C:/Users/user/Desktop/Project_LCD/firstdvd.vhd sub00/vhpl40 1528898866
AR tft_lcd behavioral C:/Users/user/Desktop/Project_LCD/TFT_LCD.vhd sub00/vhpl03 1528898872
AR reg behavioral C:/Users/user/Desktop/Project_LCD/regi.vhd sub00/vhpl19 1528529194
EN dff NULL C:/Users/user/Desktop/Project_LCD/dff.vhd sub00/vhpl16 1528529189
EN led NULL C:/Users/user/Desktop/Project_LCD/led.vhd sub00/vhpl43 1528898881
EN regi NULL C:/Users/user/Desktop/Project_LCD/regi.vhd sub00/vhpl30 1528529193
EN keypad_divider NULL C:/Users/user/Desktop/Project_LCD/keypad_divider.vhd sub00/vhpl22 1528898883
AR clock_divider behavioral C:/Users/HW_Prac/Project_LCD/clock_divider.vhd sub00/vhpl11 1528363671
AR keypad_divider behavioral C:/Users/user/Desktop/Project_LCD/keypad_divider.vhd sub00/vhpl23 1528898884
EN key_matrix NULL C:/Users/user/Desktop/Project_LCD/Key_Matrix.vhd sub00/vhpl12 1528898885
AR seven_segment behavioral C:/Users/user/Desktop/Project_LCD/Seven_Segment.vhd sub00/vhpl60 1528898888
AR regist behavioral C:/Users/user/Desktop/Project_LCD/regist.vhd sub00/vhpl34 1528806904
EN seg_divider NULL C:/Users/user/Desktop/Project_LCD/seg_divider.vhd sub00/vhpl26 1528872866
AR changecard behavioral C:/Users/user/Desktop/Project_LCD/changecard.vhd sub00/vhpl54 1528898876
AR clk_divider behavioral C:/Users/user/Desktop/Project_LCD/clk_divider.vhd sub00/vhpl56 1528810163
EN clock_divider NULL C:/Users/HW_Prac/Project_LCD/clock_divider.vhd sub00/vhpl10 1528363670
AR lfsr behavioral C:/Users/user/Desktop/Project_LCD/lfsr.vhd sub00/vhpl50 1528898864
AR shuffle behavioral C:/Users/user/Desktop/Project_LCD/Shuffle.vhd sub00/vhpl52 1528898874
EN clk_divider NULL C:/Users/user/Desktop/Project_LCD/clk_divider.vhd sub00/vhpl55 1528810162
EN countoto5 NULL C:/Users/user/Desktop/Project_LCD/countoto5.vhd sub00/vhpl06 1528898857
EN top_module NULL C:/Users/user/Desktop/Project_LCD/Top_module.vhd sub00/vhpl04 1528898889
EN fisrtdvd NULL C:/Users/user/Desktop/Project_LCD/firstdvd.vhd sub00/vhpl39 1528898865
EN shiftregister NULL C:/Users/user/Desktop/Project_LCD/shiftregister.vhd sub00/vhpl20 1528806929
AR ledcounter behavioral C:/Users/user/Desktop/Project_LCD/ledcounter.vhd sub00/vhpl42 1528898880
EN count0to9_end NULL C:/Users/user/Desktop/Project_LCD/count0to9_end.vhd sub00/vhpl57 1528898859
EN clkdevider NULL C:/Users/HW_Prac/Project_LCD/clkdevider.vhd sub00/vhpl00 1528363666
EN paircheck NULL C:/Users/user/Desktop/Project_LCD/PairCheck.vhd sub00/vhpl47 1528796757
EN seven_segment NULL C:/Users/user/Desktop/Project_LCD/Seven_Segment.vhd sub00/vhpl59 1528898887
EN ledcounter NULL C:/Users/user/Desktop/Project_LCD/ledcounter.vhd sub00/vhpl41 1528898879
AR lcd_divider behavioral C:/Users/user/Desktop/Project_LCD/lcd_divider.vhd sub00/vhpl25 1528898870
AR smreg behavioral C:/Users/user/Desktop/Project_LCD/SMreg.vhd sub00/vhpl38 1528533059
EN changecard NULL C:/Users/user/Desktop/Project_LCD/changecard.vhd sub00/vhpl53 1528898875
EN shuffle NULL C:/Users/user/Desktop/Project_LCD/Shuffle.vhd sub00/vhpl51 1528898873
EN segment7 NULL C:/Users/user/Desktop/Project_LCD/segment7.vhd sub00/vhpl14 1528867758
AR fsm behavioral C:/Users/user/Desktop/Project_LCD/FSM.vhd sub00/vhpl29 1528898868
AR pushdff behavioral C:/Users/user/Desktop/Project_LCD/pushdff.vhd sub00/vhpl36 1528538548
EN pushdff NULL C:/Users/user/Desktop/Project_LCD/pushdff.vhd sub00/vhpl35 1528538547
EN flipflop NULL C:/Users/user/Desktop/Project_LCD/FlipFlop.vhd sub00/vhpl31 1528806899
EN lfsr NULL C:/Users/user/Desktop/Project_LCD/lfsr.vhd sub00/vhpl49 1528898863
AR count0to9_end behavioral C:/Users/user/Desktop/Project_LCD/count0to9_end.vhd sub00/vhpl58 1528898860
AR countoto5 behavioral C:/Users/user/Desktop/Project_LCD/countoto5.vhd sub00/vhpl07 1528898858
EN fsm NULL C:/Users/user/Desktop/Project_LCD/FSM.vhd sub00/vhpl28 1528898867
AR dff behavioral C:/Users/user/Desktop/Project_LCD/dff.vhd sub00/vhpl17 1528529190
AR led behavioral C:/Users/user/Desktop/Project_LCD/led.vhd sub00/vhpl44 1528898882
EN clockdividerx4 NULL C:/Users/user/Desktop/Project_LCD/clockDividerx4.vhd sub00/vhpl08 1528898861
EN turnfsm NULL C:/Users/user/Desktop/Project_LCD/TurnFSM.vhd sub00/vhpl45 1528898877
AR segment7 behavioral C:/Users/user/Desktop/Project_LCD/segment7.vhd sub00/vhpl15 1528867759
EN regist NULL C:/Users/user/Desktop/Project_LCD/regist.vhd sub00/vhpl33 1528806903
AR paircheck behavioral C:/Users/user/Desktop/Project_LCD/PairCheck.vhd sub00/vhpl48 1528796758
AR seg_divider behavioral C:/Users/user/Desktop/Project_LCD/seg_divider.vhd sub00/vhpl27 1528872867
EN reg NULL C:/Users/user/Desktop/Project_LCD/reg.vhd sub00/vhpl18 1528528998
AR clockdividerx4 behavioral C:/Users/user/Desktop/Project_LCD/clockDividerx4.vhd sub00/vhpl09 1528898862
EN smreg NULL C:/Users/user/Desktop/Project_LCD/SMreg.vhd sub00/vhpl37 1528533058
AR turnfsm behavioral C:/Users/user/Desktop/Project_LCD/TurnFSM.vhd sub00/vhpl46 1528898878
AR flipflop behavioral C:/Users/user/Desktop/Project_LCD/FlipFlop.vhd sub00/vhpl32 1528806900
AR key_matrix behavioral C:/Users/user/Desktop/Project_LCD/Key_Matrix.vhd sub00/vhpl13 1528898886
EN tft_lcd NULL C:/Users/user/Desktop/Project_LCD/TFT_LCD.vhd sub00/vhpl02 1528898871
