V3 123
FL C:/Users/HW_Prac/Project_LCD/clkdevider.vhd 2018/05/31.14:26:05 P.20131013
EN work/clkdevider 1528363666 FL C:/Users/HW_Prac/Project_LCD/clkdevider.vhd \
      PB ieee/std_logic_1164 1381692176 PB ieee/STD_LOGIC_UNSIGNED 1381692179
AR work/clkdevider/Behavioral 1528363667 \
      FL C:/Users/HW_Prac/Project_LCD/clkdevider.vhd EN work/clkdevider 1528363666
FL C:/Users/HW_Prac/Project_LCD/clockDividerx4.vhd 2018/05/17.14:13:39 P.20131013
FL C:/Users/HW_Prac/Project_LCD/clock_divider.vhd 2018/05/17.14:10:46 P.20131013
EN work/clock_divider 1528363670 \
      FL C:/Users/HW_Prac/Project_LCD/clock_divider.vhd PB ieee/std_logic_1164 1381692176 \
      PB ieee/STD_LOGIC_UNSIGNED 1381692179
AR work/clock_divider/Behavioral 1528363671 \
      FL C:/Users/HW_Prac/Project_LCD/clock_divider.vhd EN work/clock_divider 1528363670
FL C:/Users/HW_Prac/Project_LCD/countoto5.vhd 2018/05/17.14:18:20 P.20131013
FL C:/Users/HW_Prac/Project_LCD/dff.vhd 2018/05/17.11:19:56 P.20131013
FL C:/Users/HW_Prac/Project_LCD/keypad_divider.vhd 2018/06/07.18:27:32 P.20131013
FL C:/Users/HW_Prac/Project_LCD/Key_Matrix.vhd 2018/06/07.17:24:33 P.20131013
FL C:/Users/HW_Prac/Project_LCD/lcd_divider.vhd 2018/06/08.16:59:33 P.20131013
FL C:/Users/HW_Prac/Project_LCD/reg.vhd 2018/05/17.11:20:14 P.20131013
FL C:/Users/HW_Prac/Project_LCD/segment7.vhd 2018/05/21.17:37:26 P.20131013
FL C:/Users/HW_Prac/Project_LCD/shiftregister.vhd 2018/05/17.11:24:58 P.20131013
FL C:/Users/HW_Prac/Project_LCD/TFT_LCD.vhd 2018/06/07.18:17:13 P.20131013
FL C:/Users/HW_Prac/Project_LCD/Top_module.vhd 2018/06/07.18:22:51 P.20131013
FL C:/Users/user/Desktop/Project_LCD/changecard.vhd 2018/06/13.21:51:30 P.20131013
EN work/changecard 1528898875 FL C:/Users/user/Desktop/Project_LCD/changecard.vhd \
      PB ieee/std_logic_1164 1381692176 PB ieee/STD_LOGIC_UNSIGNED 1381692179
AR work/changecard/Behavioral 1528898876 \
      FL C:/Users/user/Desktop/Project_LCD/changecard.vhd EN work/changecard 1528898875
FL C:/Users/user/Desktop/Project_LCD/clk_divider.vhd 2018/06/12.22:11:26 P.20131013
EN work/clk_divider 1528810162 \
      FL C:/Users/user/Desktop/Project_LCD/clk_divider.vhd PB ieee/std_logic_1164 1381692176 \
      PB ieee/STD_LOGIC_UNSIGNED 1381692179
AR work/clk_divider/Behavioral 1528810163 \
      FL C:/Users/user/Desktop/Project_LCD/clk_divider.vhd EN work/clk_divider 1528810162
FL C:/Users/user/Desktop/Project_LCD/clockDividerx4.vhd 2018/06/09.15:51:00 P.20131013
EN work/clockDividerx4 1528898861 \
      FL C:/Users/user/Desktop/Project_LCD/clockDividerx4.vhd \
      PB ieee/std_logic_1164 1381692176 PB ieee/STD_LOGIC_UNSIGNED 1381692179
AR work/clockDividerx4/Behavioral 1528898862 \
      FL C:/Users/user/Desktop/Project_LCD/clockDividerx4.vhd \
      EN work/clockDividerx4 1528898861
FL C:/Users/user/Desktop/Project_LCD/count0to9_end.vhd 2018/06/13.17:40:18 P.20131013
EN work/count0to9_end 1528898859 \
      FL C:/Users/user/Desktop/Project_LCD/count0to9_end.vhd \
      PB ieee/std_logic_1164 1381692176 PB ieee/STD_LOGIC_UNSIGNED 1381692179
AR work/count0to9_end/Behavioral 1528898860 \
      FL C:/Users/user/Desktop/Project_LCD/count0to9_end.vhd \
      EN work/count0to9_end 1528898859
FL C:/Users/user/Desktop/Project_LCD/countoto5.vhd 2018/06/13.15:21:00 P.20131013
EN work/countoto5 1528898857 FL C:/Users/user/Desktop/Project_LCD/countoto5.vhd \
      PB ieee/std_logic_1164 1381692176 PB ieee/STD_LOGIC_UNSIGNED 1381692179
AR work/countoto5/Behavioral 1528898858 \
      FL C:/Users/user/Desktop/Project_LCD/countoto5.vhd EN work/countoto5 1528898857
FL C:/Users/user/Desktop/Project_LCD/dff.vhd 2018/06/09.16:23:11 P.20131013
EN work/dff 1528529189 FL C:/Users/user/Desktop/Project_LCD/dff.vhd \
      PB ieee/std_logic_1164 1381692176
AR work/dff/Behavioral 1528529190 \
      FL C:/Users/user/Desktop/Project_LCD/dff.vhd EN work/dff 1528529189
FL C:/Users/user/Desktop/Project_LCD/firstdvd.vhd 2018/06/13.17:05:04 P.20131013
EN work/fisrtdvd 1528898865 FL C:/Users/user/Desktop/Project_LCD/firstdvd.vhd \
      PB ieee/std_logic_1164 1381692176 PB ieee/STD_LOGIC_UNSIGNED 1381692179
AR work/fisrtdvd/Behavioral 1528898866 \
      FL C:/Users/user/Desktop/Project_LCD/firstdvd.vhd EN work/fisrtdvd 1528898865
FL C:/Users/user/Desktop/Project_LCD/FlipFlop.vhd 2018/06/09.16:37:09 P.20131013
EN work/FlipFlop 1528806899 FL C:/Users/user/Desktop/Project_LCD/FlipFlop.vhd \
      PB ieee/std_logic_1164 1381692176
AR work/FlipFlop/Behavioral 1528806900 \
      FL C:/Users/user/Desktop/Project_LCD/FlipFlop.vhd EN work/FlipFlop 1528806899
FL C:/Users/user/Desktop/Project_LCD/FSM.vhd 2018/06/12.23:04:24 P.20131013
EN work/FSM 1528898867 FL C:/Users/user/Desktop/Project_LCD/FSM.vhd \
      PB ieee/std_logic_1164 1381692176
AR work/FSM/Behavioral 1528898868 \
      FL C:/Users/user/Desktop/Project_LCD/FSM.vhd EN work/FSM 1528898867
FL C:/Users/user/Desktop/Project_LCD/keypad_divider.vhd 2018/06/09.15:48:10 P.20131013
EN work/keypad_divider 1528898883 \
      FL C:/Users/user/Desktop/Project_LCD/keypad_divider.vhd \
      PB ieee/std_logic_1164 1381692176 PB ieee/STD_LOGIC_UNSIGNED 1381692179
AR work/keypad_divider/Behavioral 1528898884 \
      FL C:/Users/user/Desktop/Project_LCD/keypad_divider.vhd \
      EN work/keypad_divider 1528898883
FL C:/Users/user/Desktop/Project_LCD/Key_Matrix.vhd 2018/06/09.15:48:10 P.20131013
EN work/Key_Matrix 1528898885 FL C:/Users/user/Desktop/Project_LCD/Key_Matrix.vhd \
      PB ieee/std_logic_1164 1381692176
AR work/Key_Matrix/Behavioral 1528898886 \
      FL C:/Users/user/Desktop/Project_LCD/Key_Matrix.vhd EN work/Key_Matrix 1528898885 \
      CP clockDividerx4
FL C:/Users/user/Desktop/Project_LCD/lcd_divider.vhd 2018/06/09.18:12:00 P.20131013
EN work/lcd_divider 1528898869 \
      FL C:/Users/user/Desktop/Project_LCD/lcd_divider.vhd PB ieee/std_logic_1164 1381692176 \
      PB ieee/STD_LOGIC_UNSIGNED 1381692179
AR work/lcd_divider/Behavioral 1528898870 \
      FL C:/Users/user/Desktop/Project_LCD/lcd_divider.vhd EN work/lcd_divider 1528898869
FL C:/Users/user/Desktop/Project_LCD/led.vhd 2018/06/13.23:02:04 P.20131013
EN work/led 1528898881 FL C:/Users/user/Desktop/Project_LCD/led.vhd \
      PB ieee/std_logic_1164 1381692176 PB ieee/STD_LOGIC_UNSIGNED 1381692179
AR work/led/Behavioral 1528898882 \
      FL C:/Users/user/Desktop/Project_LCD/led.vhd EN work/led 1528898881
FL C:/Users/user/Desktop/Project_LCD/ledcounter.vhd 2018/06/12.21:12:06 P.20131013
EN work/ledcounter 1528898879 FL C:/Users/user/Desktop/Project_LCD/ledcounter.vhd \
      PB ieee/std_logic_1164 1381692176 PB ieee/STD_LOGIC_UNSIGNED 1381692179
AR work/ledcounter/Behavioral 1528898880 \
      FL C:/Users/user/Desktop/Project_LCD/ledcounter.vhd EN work/ledcounter 1528898879
FL C:/Users/user/Desktop/Project_LCD/lfsr.vhd 2018/06/13.22:58:08 P.20131013
EN work/lfsr 1528898863 FL C:/Users/user/Desktop/Project_LCD/lfsr.vhd \
      PB ieee/std_logic_1164 1381692176
AR work/lfsr/Behavioral 1528898864 \
      FL C:/Users/user/Desktop/Project_LCD/lfsr.vhd EN work/lfsr 1528898863
FL C:/Users/user/Desktop/Project_LCD/PairCheck.vhd 2018/06/12.18:38:41 P.20131013
EN work/PairCheck 1528796757 FL C:/Users/user/Desktop/Project_LCD/PairCheck.vhd \
      PB ieee/std_logic_1164 1381692176
AR work/PairCheck/Behavioral 1528796758 \
      FL C:/Users/user/Desktop/Project_LCD/PairCheck.vhd EN work/PairCheck 1528796757
FL C:/Users/user/Desktop/Project_LCD/pushdff.vhd 2018/06/09.16:47:42 P.20131013
EN work/pushdff 1528538547 FL C:/Users/user/Desktop/Project_LCD/pushdff.vhd \
      PB ieee/std_logic_1164 1381692176
AR work/pushdff/Behavioral 1528538548 \
      FL C:/Users/user/Desktop/Project_LCD/pushdff.vhd EN work/pushdff 1528538547
FL C:/Users/user/Desktop/Project_LCD/reg.vhd 2018/06/09.16:22:55 P.20131013
EN work/reg 1528528998 FL C:/Users/user/Desktop/Project_LCD/reg.vhd \
      PB ieee/std_logic_1164 1381692176
FL C:/Users/user/Desktop/Project_LCD/Regi.vhd 2018/06/09.16:24:45 P.20131013
EN work/regi 1528529193 FL C:/Users/user/Desktop/Project_LCD/Regi.vhd \
      PB ieee/std_logic_1164 1381692176
AR work/reg/Behavioral 1528529194 \
      FL C:/Users/user/Desktop/Project_LCD/Regi.vhd EN work/reg 1528528998 CP dff
FL C:/Users/user/Desktop/Project_LCD/regist.vhd 2018/06/09.16:36:20 P.20131013
EN work/regist 1528806903 FL C:/Users/user/Desktop/Project_LCD/regist.vhd \
      PB ieee/std_logic_1164 1381692176
AR work/regist/Behavioral 1528806904 \
      FL C:/Users/user/Desktop/Project_LCD/regist.vhd EN work/regist 1528806903 \
      CP FlipFlop
FL C:/Users/user/Desktop/Project_LCD/segment7.vhd 2018/06/12.23:04:23 P.20131013
EN work/segment7 1528867758 FL C:/Users/user/Desktop/Project_LCD/segment7.vhd \
      PB ieee/std_logic_1164 1381692176
AR work/segment7/Behavioral 1528867759 \
      FL C:/Users/user/Desktop/Project_LCD/segment7.vhd EN work/segment7 1528867758 \
      CP countoto5
FL C:/Users/user/Desktop/Project_LCD/seg_divider.vhd 2018/06/09.17:19:33 P.20131013
EN work/seg_divider 1528872866 \
      FL C:/Users/user/Desktop/Project_LCD/seg_divider.vhd PB ieee/std_logic_1164 1381692176 \
      PB ieee/STD_LOGIC_UNSIGNED 1381692179
AR work/seg_divider/Behavioral 1528872867 \
      FL C:/Users/user/Desktop/Project_LCD/seg_divider.vhd EN work/seg_divider 1528872866
FL C:/Users/user/Desktop/Project_LCD/Seven_Segment.vhd 2018/06/13.17:40:16 P.20131013
EN work/Seven_Segment 1528898887 \
      FL C:/Users/user/Desktop/Project_LCD/Seven_Segment.vhd \
      PB ieee/std_logic_1164 1381692176 PB ieee/STD_LOGIC_UNSIGNED 1381692179
AR work/Seven_Segment/Behavioral 1528898888 \
      FL C:/Users/user/Desktop/Project_LCD/Seven_Segment.vhd \
      EN work/Seven_Segment 1528898887 CP countoto5 CP count0to9_end
FL C:/Users/user/Desktop/Project_LCD/shiftregister.vhd 2018/06/09.16:31:41 P.20131013
EN work/shiftregister 1528806929 \
      FL C:/Users/user/Desktop/Project_LCD/shiftregister.vhd \
      PB ieee/std_logic_1164 1381692176
AR work/shiftregister/Behavioral 1528806930 \
      FL C:/Users/user/Desktop/Project_LCD/shiftregister.vhd \
      EN work/shiftregister 1528806929 CP regist
FL C:/Users/user/Desktop/Project_LCD/Shuffle.vhd 2018/06/13.22:58:08 P.20131013
EN work/Shuffle 1528898873 FL C:/Users/user/Desktop/Project_LCD/Shuffle.vhd \
      PB ieee/std_logic_1164 1381692176 PB ieee/STD_LOGIC_UNSIGNED 1381692179 \
      PB ieee/std_logic_arith 1381692177
AR work/Shuffle/Behavioral 1528898874 \
      FL C:/Users/user/Desktop/Project_LCD/Shuffle.vhd EN work/Shuffle 1528898873 \
      CP lfsr
FL C:/Users/user/Desktop/Project_LCD/SMreg.vhd 2018/06/09.16:47:42 P.20131013
EN work/SMreg 1528533058 FL C:/Users/user/Desktop/Project_LCD/SMreg.vhd \
      PB ieee/std_logic_1164 1381692176
AR work/SMreg/Behavioral 1528533059 \
      FL C:/Users/user/Desktop/Project_LCD/SMreg.vhd EN work/SMreg 1528533058 \
      CP pushdff
FL C:/Users/user/Desktop/Project_LCD/TFT_LCD.vhd 2018/06/13.22:59:23 P.20131013
EN work/TFT_LCD 1528898871 FL C:/Users/user/Desktop/Project_LCD/TFT_LCD.vhd \
      PB ieee/std_logic_1164 1381692176 PB ieee/STD_LOGIC_UNSIGNED 1381692179
AR work/TFT_LCD/Behavioral 1528898872 \
      FL C:/Users/user/Desktop/Project_LCD/TFT_LCD.vhd EN work/TFT_LCD 1528898871
FL C:/Users/user/Desktop/Project_LCD/Top_module.vhd 2018/06/13.23:02:04 P.20131013
EN work/Top_module 1528898889 FL C:/Users/user/Desktop/Project_LCD/Top_module.vhd \
      PB ieee/std_logic_1164 1381692176 PB ieee/STD_LOGIC_UNSIGNED 1381692179
AR work/Top_module/Behavioral 1528898890 \
      FL C:/Users/user/Desktop/Project_LCD/Top_module.vhd EN work/Top_module 1528898889 \
      CP fisrtdvd CP FSM CP lcd_divider CP TFT_LCD CP Shuffle CP changecard CP TurnFSM \
      CP ledcounter CP led CP keypad_divider CP Key_Matrix CP Seven_Segment
FL C:/Users/user/Desktop/Project_LCD/TurnFSM.vhd 2018/06/13.16:59:24 P.20131013
EN work/TurnFSM 1528898877 FL C:/Users/user/Desktop/Project_LCD/TurnFSM.vhd \
      PB ieee/std_logic_1164 1381692176 PB ieee/STD_LOGIC_UNSIGNED 1381692179
AR work/TurnFSM/Behavioral 1528898878 \
      FL C:/Users/user/Desktop/Project_LCD/TurnFSM.vhd EN work/TurnFSM 1528898877
